{
  "transaction_hash": "5c0a1234567890abcdef1234567890abcdef1234567890abcdef1234567890ab",
  "start_time": "2026-01-01T00:00:00Z",
  "end_time": "2026-01-01T00:00:05Z",
  "states": [
    {
      "step": 0,
      "timestamp": "2026-01-01T00:00:01Z",
      "operation": "contract_call",
      "event_type": "contract_call",
      "contract_id": "CTESTAAAAAAAAAAAAAAAAAAAAAAAAAAAAAAAAAAAAAAAAAAAAAAAAAAA",
      "function": "transfer",
      "arguments": [
        "GALICE",
        "GBOB",
        100
      ],
      "return_value": "ok"
    },
    {
      "step": 1,
      "timestamp": "2026-01-01T00:00:02Z",
      "operation": "host_function",
      "event_type": "host_function",
      "function": "put_ledger_entry",
      "return_value": true
    },
    {
      "step": 2,
      "timestamp": "2026-01-01T00:00:03Z",
      "operation": "auth",
      "event_type": "auth",
      "contract_id": "CTESTAAAAAAAAAAAAAAAAAAAAAAAAAAAAAAAAAAAAAAAAAAAAAAAAAAA",
      "function": "require_auth"
    }
  ],
  "snapshots": [
    {
      "step": 0,
      "timestamp": "2026-01-01T00:00:01Z",
      "host_state": null,
      "memory": null,
      "call_stack": [
        "CTESTAAAAAAAAAAAAAAAAAAAAAAAAAAAAAAAAAAAAAAAAAAAAAAAAAAA::transfer"
      ]
    }
  ],
  "annotations": {
    "generated_at": "0001-01-01T00:00:00Z"
  },
  "current_step": 0,
  "snapshot_interval": 100
}