# Glassbox Trace Export

**Transaction:** 5c0a1234567890abcdef1234567890abcdef1234567890abcdef1234567890ab

**Steps:** 2

**Started:** 2026-01-01T00:00:00Z

**Ended:** 2026-01-01T00:00:05Z



## Step 0: contract_call

- **Operation:** contract_call
- **Event:** contract_call
- **Contract:** CTESTBBBBBBBBBBBBBBBBBBBBBBBBBBBBBBBBBBBBBBBBBBBBBBBBBBB
- **Function:** withdraw
- **Arguments:** []
- **Error:** insufficient balance: needed 500, have 120
- **Details:**
  
  - error: insufficient balance: needed 500, have 120
  
  - operation: contract_call
  
  - contract: CTESTBBBBBBBBBBBBBBBBBBBBBBBBBBBBBBBBBBBBBBBBBBBBBBBBBBB
  
  - function: withdraw
  



## Step 1: trap

- **Operation:** trap
- **Event:** trap
- **Arguments:** []
- **Error:** wasm trap: unreachable executed
- **Details:**
  
  - error: wasm trap: unreachable executed
  
  - operation: trap
  
  - host state entries: 1
  


